theoremType.lean:1:22-1:23: error: don't know how to synthesize placeholder
context:
⊢ Nat
note: all holes (e.g., `_`) in the header of a theorem are resolved before the proof is processed; information from the proof cannot be used to infer what these values should be
theoremType.lean:4:18-4:19: error: don't know how to synthesize placeholder
context:
⊢ Nat
note: when the resulting type of a declaration is explicitly provided, all holes (e.g., `_`) in the header are resolved before the declaration body is processed
