{"title":
 "Try this: simp only [aaaaaaaaaaaaaaaaaaaaaaaaaaaaaaaaaaaaaaaa,\n    AAAAAAAAAAAAAAAAAAAAAAAAAAAAAAAAAAAAAAAA] at h",
 "kind": "quickfix",
 "isPreferred": true,
 "edit":
 {"documentChanges":
  [{"textDocument": {"version": 1, "uri": "file:///builtinCodeactions.lean"},
    "edits":
    [{"range":
      {"start": {"line": 5, "character": 2},
       "end": {"line": 5, "character": 97}},
      "newText":
      "simp only [aaaaaaaaaaaaaaaaaaaaaaaaaaaaaaaaaaaaaaaa,\n    AAAAAAAAAAAAAAAAAAAAAAAAAAAAAAAAAAAAAAAA] at h"}]}]}}
